// Jest Snapshot v1, https://goo.gl/fbAQLP

exports[`test Earnings Page 1`] = `
<div
  className="earning active"
>
  <div
    className="container-fluid"
  >
    <div
      className="row"
    >
      <div
        className="col-lg-12"
      >
        <div
          className="statement_title"
        >
          <svg
            aria-hidden="true"
            className="svg-inline--fa fa-dollar-sign statement_icon"
            data-icon="dollar-sign"
            data-prefix="fas"
            focusable="false"
            role="img"
            style={Object {}}
            viewBox="0 0 320 512"
            xmlns="http://www.w3.org/2000/svg"
          >
            <path
              d="M160 0c17.7 0 32 14.3 32 32l0 35.7c1.6 .2 3.1 .4 4.7 .7c.4 .1 .7 .1 1.1 .2l48 8.8c17.4 3.2 28.9 19.9 25.7 37.2s-19.9 28.9-37.2 25.7l-47.5-8.7c-31.3-4.6-58.9-1.5-78.3 6.2s-27.2 18.3-29 28.1c-2 10.7-.5 16.7 1.2 20.4c1.8 3.9 5.5 8.3 12.8 13.2c16.3 10.7 41.3 17.7 73.7 26.3l2.9 .8c28.6 7.6 63.6 16.8 89.6 33.8c14.2 9.3 27.6 21.9 35.9 39.5c8.5 17.9 10.3 37.9 6.4 59.2c-6.9 38-33.1 63.4-65.6 76.7c-13.7 5.6-28.6 9.2-44.4 11l0 33.4c0 17.7-14.3 32-32 32s-32-14.3-32-32l0-34.9c-.4-.1-.9-.1-1.3-.2l-.2 0s0 0 0 0c-24.4-3.8-64.5-14.3-91.5-26.3c-16.1-7.2-23.4-26.1-16.2-42.2s26.1-23.4 42.2-16.2c20.9 9.3 55.3 18.5 75.2 21.6c31.9 4.7 58.2 2 76-5.3c16.9-6.9 24.6-16.9 26.8-28.9c1.9-10.6 .4-16.7-1.3-20.4c-1.9-4-5.6-8.4-13-13.3c-16.4-10.7-41.5-17.7-74-26.3l-2.8-.7s0 0 0 0C119.4 279.3 84.4 270 58.4 253c-14.2-9.3-27.5-22-35.8-39.6c-8.4-17.9-10.1-37.9-6.1-59.2C23.7 116 52.3 91.2 84.8 78.3c13.3-5.3 27.9-8.9 43.2-11L128 32c0-17.7 14.3-32 32-32z"
              fill="currentColor"
              style={Object {}}
            />
          </svg>
           
          Earning
        </div>
      </div>
    </div>
    <div
      className="row"
    >
      <div
        className="col-md-4"
      >
        <div
          class="earning_steps"
        >
          <p>
            Sales earnings this month (April), after edututs+ fees, & before taxes:
          </p>
          <h2>
            $1146.78
          </h2>
        </div>
      </div>
      <div
        className="col-md-4"
      >
        <div
          class="earning_steps"
        >
          <p>
            Your balance:
          </p>
          <h2>
            $1146.78
          </h2>
        </div>
      </div>
      <div
        className="col-md-4"
      >
        <div
          class="earning_steps"
        >
          <p>
            Total value of your sales, before taxes:
          </p>
          <h2>
            $95895.54
          </h2>
        </div>
      </div>
      <div
        className="col-lg-4 col-md-12"
      >
        <div
          class="top_countries"
        >
          <div
            class="top_countries_title"
          >
            <h2>
              Your Top Countries
            </h2>
          </div>
          <ul
            class="country_list"
          />
        </div>
      </div>
      <div
        className="col-lg-8 col-md-12"
      >
        <div
          className="date_selector"
        >
          <div
            className="select"
          >
            <div
              className="ant-select ant-select-outlined css-dev-only-do-not-override-1pg9a38 ant-select-single ant-select-show-arrow ant-select-show-search"
              onBlur={[Function]}
              onFocus={[Function]}
              onKeyDown={[Function]}
              onKeyUp={[Function]}
              onMouseDown={[Function]}
              style={
                Object {
                  "width": "100%",
                }
              }
            >
              <div
                className="ant-select-selector"
                onClick={[Function]}
                onMouseDown={[Function]}
              >
                <span
                  className="ant-select-selection-search"
                >
                  <input
                    aria-autocomplete="list"
                    aria-controls="undefined_list"
                    aria-expanded={false}
                    aria-haspopup="listbox"
                    aria-owns="undefined_list"
                    autoComplete="off"
                    className="ant-select-selection-search-input"
                    disabled={false}
                    onChange={[Function]}
                    onCompositionEnd={[Function]}
                    onCompositionStart={[Function]}
                    onKeyDown={[Function]}
                    onMouseDown={[Function]}
                    onPaste={[Function]}
                    readOnly={false}
                    role="combobox"
                    style={
                      Object {
                        "opacity": null,
                      }
                    }
                    type="search"
                    unselectable={null}
                    value=""
                  />
                </span>
                <span
                  className="ant-select-selection-placeholder"
                >
                  item sale
                </span>
              </div>
              <span
                aria-hidden={true}
                className="ant-select-arrow"
                onMouseDown={[Function]}
                style={
                  Object {
                    "WebkitUserSelect": "none",
                    "userSelect": "none",
                  }
                }
                unselectable="on"
              >
                <span
                  aria-label="down"
                  className="anticon anticon-down ant-select-suffix"
                  role="img"
                >
                  <svg
                    aria-hidden="true"
                    data-icon="down"
                    fill="currentColor"
                    focusable="false"
                    height="1em"
                    viewBox="64 64 896 896"
                    width="1em"
                  >
                    <path
                      d="M884 256h-75c-5.1 0-9.9 2.5-12.9 6.6L512 654.2 227.9 262.6c-3-4.1-7.8-6.6-12.9-6.6h-75c-6.5 0-10.3 7.4-6.5 12.7l352.6 486.1c12.8 17.6 39 17.6 51.7 0l352.6-486.1c3.9-5.3.1-12.7-6.4-12.7z"
                    />
                  </svg>
                </span>
              </span>
            </div>
          </div>
        </div>
        <div
          className="earning_table"
        >
          <div>
            <div
              className="ant-table-wrapper css-dev-only-do-not-override-1pg9a38"
              style={Object {}}
            >
              <div
                className="ant-spin-nested-loading css-dev-only-do-not-override-1pg9a38"
              >
                <div
                  className="ant-spin-container"
                >
                  <div
                    className="ant-table ant-table-empty css-dev-only-do-not-override-1pg9a38"
                  >
                    <div
                      className="ant-table-container"
                    >
                      <div
                        className="ant-table-content"
                        onScroll={[Function]}
                        style={Object {}}
                      >
                        <table
                          style={
                            Object {
                              "tableLayout": "auto",
                            }
                          }
                        >
                          <colgroup />
                          <thead
                            className="ant-table-thead"
                          >
                            <tr>
                              <th
                                className="ant-table-cell"
                                colSpan={null}
                                onMouseEnter={[Function]}
                                onMouseLeave={[Function]}
                                rowSpan={null}
                                scope="col"
                                style={Object {}}
                              >
                                Date
                              </th>
                              <th
                                className="ant-table-cell"
                                colSpan={null}
                                onMouseEnter={[Function]}
                                onMouseLeave={[Function]}
                                rowSpan={null}
                                scope="col"
                                style={Object {}}
                              >
                                Item Sales Count
                              </th>
                              <th
                                className="ant-table-cell"
                                colSpan={null}
                                onMouseEnter={[Function]}
                                onMouseLeave={[Function]}
                                rowSpan={null}
                                scope="col"
                                style={Object {}}
                              >
                                Earning
                              </th>
                            </tr>
                          </thead>
                          <tbody
                            className="ant-table-tbody"
                          >
                            <tr
                              className="ant-table-placeholder"
                              style={
                                Object {
                                  "display": null,
                                }
                              }
                            >
                              <td
                                className="ant-table-cell"
                                colSpan={3}
                                onMouseEnter={[Function]}
                                onMouseLeave={[Function]}
                                rowSpan={null}
                                style={Object {}}
                              >
                                <div
                                  className="css-dev-only-do-not-override-1pg9a38 ant-empty ant-empty-normal"
                                  style={Object {}}
                                >
                                  <div
                                    className="ant-empty-image"
                                  >
                                    <svg
                                      height="41"
                                      viewBox="0 0 64 41"
                                      width="64"
                                      xmlns="http://www.w3.org/2000/svg"
                                    >
                                      <title>
                                        Simple Empty
                                      </title>
                                      <g
                                        fill="none"
                                        fillRule="evenodd"
                                        transform="translate(0 1)"
                                      >
                                        <ellipse
                                          cx="32"
                                          cy="33"
                                          fill="#f5f5f5"
                                          rx="32"
                                          ry="7"
                                        />
                                        <g
                                          fillRule="nonzero"
                                          stroke="#d9d9d9"
                                        >
                                          <path
                                            d="M55 12.76L44.854 1.258C44.367.474 43.656 0 42.907 0H21.093c-.749 0-1.46.474-1.947 1.257L9 12.761V22h46v-9.24z"
                                          />
                                          <path
                                            d="M41.613 15.931c0-1.605.994-2.93 2.227-2.931H55v18.137C55 33.26 53.68 35 52.05 35h-40.1C10.32 35 9 33.259 9 31.137V13h11.16c1.233 0 2.227 1.323 2.227 2.928v.022c0 1.605 1.005 2.901 2.237 2.901h14.752c1.232 0 2.237-1.308 2.237-2.913v-.007z"
                                            fill="#fafafa"
                                          />
                                        </g>
                                      </g>
                                    </svg>
                                  </div>
                                  <div
                                    className="ant-empty-description"
                                  >
                                    No data
                                  </div>
                                </div>
                              </td>
                            </tr>
                          </tbody>
                          <tfoot
                            className="ant-table-summary"
                          >
                            <tr>
                              <td
                                className="ant-table-cell"
                                colSpan={null}
                                onMouseEnter={[Function]}
                                onMouseLeave={[Function]}
                                rowSpan={null}
                                style={Object {}}
                              >
                                <span
                                  className="ant-typography css-dev-only-do-not-override-1pg9a38"
                                  style={
                                    Object {
                                      "WebkitLineClamp": undefined,
                                    }
                                  }
                                >
                                  <strong>
                                    Total
                                  </strong>
                                </span>
                              </td>
                              <td
                                className="ant-table-cell"
                                colSpan={null}
                                onMouseEnter={[Function]}
                                onMouseLeave={[Function]}
                                rowSpan={null}
                                style={Object {}}
                              >
                                <span
                                  className="ant-typography css-dev-only-do-not-override-1pg9a38"
                                  style={
                                    Object {
                                      "WebkitLineClamp": undefined,
                                    }
                                  }
                                >
                                  <strong>
                                    0
                                  </strong>
                                </span>
                              </td>
                              <td
                                className="ant-table-cell"
                                colSpan={null}
                                onMouseEnter={[Function]}
                                onMouseLeave={[Function]}
                                rowSpan={null}
                                style={Object {}}
                              >
                                <span
                                  className="ant-typography css-dev-only-do-not-override-1pg9a38"
                                  style={
                                    Object {
                                      "WebkitLineClamp": undefined,
                                    }
                                  }
                                >
                                  <strong>
                                    $
                                    0.00
                                  </strong>
                                </span>
                              </td>
                            </tr>
                          </tfoot>
                        </table>
                      </div>
                    </div>
                  </div>
                </div>
              </div>
            </div>
          </div>
        </div>
      </div>
    </div>
  </div>
</div>
`;
