// Jest Snapshot v1, https://goo.gl/fbAQLP

exports[`test Saved courses page 1`] = `
<div
  className="saved_courses "
>
  <div
    className="saved_courses_inner"
  >
    <div
      className="saved_courses_cta"
    >
      <div
        className="saved_courses_cta-title"
      >
        <p
          className="saved_courses_cta-title-left"
        >
          Saved Courses
        </p>
        <p
          className="saved_courses_cta-title-right"
        >
          Remove All
        </p>
      </div>
      <div
        className="saved_courses_line"
      />
      <div
        className="saved_courses_cta-desc"
      >
        <div
          className="saved_courses_quantity"
        >
          0
           Courses
        </div>
        <button
          className="saved_courses_cta-desc-btn"
        >
          <div
            className="saved_courses_cta-icon"
          >
            <span
              aria-label="delete"
              className="anticon anticon-delete"
              role="img"
            >
              <svg
                aria-hidden="true"
                data-icon="delete"
                fill="currentColor"
                focusable="false"
                height="1em"
                viewBox="64 64 896 896"
                width="1em"
              >
                <path
                  d="M360 184h-8c4.4 0 8-3.6 8-8v8h304v-8c0 4.4 3.6 8 8 8h-8v72h72v-80c0-35.3-28.7-64-64-64H352c-35.3 0-64 28.7-64 64v80h72v-72zm504 72H160c-17.7 0-32 14.3-32 32v32c0 4.4 3.6 8 8 8h60.4l24.7 523c1.6 34.1 29.8 61 63.9 61h454c34.2 0 62.3-26.8 63.9-61l24.7-523H888c4.4 0 8-3.6 8-8v-32c0-17.7-14.3-32-32-32zM731.3 840H292.7l-24.2-512h487l-24.2 512z"
                />
              </svg>
            </span>
          </div>
          Remove Saved Courses
        </button>
      </div>
    </div>
    <div
      className="saved_courses_media"
    >
      <p
        className="saved_courses_media-title"
      >
        Saved Courses
      </p>
      <div
        className="saved_courses_media-list"
      />
    </div>
  </div>
</div>
`;
