// Jest Snapshot v1, https://goo.gl/fbAQLP

exports[`test ReportHistoryPage 1`] = `
<div
  className="ReportHistoryPage "
>
  <div
    className="wrapper_ReportHistoryPage__Title"
  >
    <img
      alt=""
      className="ReportHistoryLogo_ReportHistoryPage"
      src="ReportHistoryLogo_SideBar.png"
    />
    <h2
      className="ReportHistoryPage__Title"
    >
      Report history
    </h2>
  </div>
  <div
    className="wrapper_ReportHistoryPage__TitleSmall"
  >
    <h4
      className="ReportHistoryPage__TitleSmall"
    >
      Thanks for reporting
    </h4>
  </div>
  <div
    className="wrapper_ReportHistoryPage__content"
  >
    <p>
      Any member of the Cursus community can flag content to us that they believe violates our Community Guidelines. When something is flagged, itâ€™s not automatically taken down. Flagged content is reviewed in line with the following guidelines:
    </p>
    <ul>
      <li>
        Content that violates our
         
        <a
          className="Link_ReportHistoryPage"
          href="/"
          onClick={[Function]}
        >
          Community Guidelines
        </a>
         
        is removed from Edututs+.
      </li>
      <li>
        Content that may not be appropriate for all younger audiences may be age-restricted.
      </li>
    </ul>
    <a
      className="Link_ReportHistoryPage"
      href="/"
      onClick={[Function]}
    >
      <p>
        Learn more about reporting content on Cursus.
      </p>
    </a>
  </div>
  <div
    className="wrapper_ReportHistoryPage__end"
  >
    <span>
      You haven't submitted any reports.
    </span>
  </div>
</div>
`;
