// Jest Snapshot v1, https://goo.gl/fbAQLP

exports[`renders Certificate component correctly 1`] = `
<DocumentFragment>
  <div
    class="certificate"
  >
    <img
      src="certificate.jpg"
    />
  </div>
</DocumentFragment>
`;
