// Jest Snapshot v1, https://goo.gl/fbAQLP

exports[`matches snapshot 1`] = `
<div
  className="create_course_basic"
>
  <div
    className="basic_title"
  >
    <svg
      aria-hidden="true"
      className="svg-inline--fa fa-face-smile basic_icon"
      data-icon="face-smile"
      data-prefix="far"
      focusable="false"
      role="img"
      style={Object {}}
      viewBox="0 0 512 512"
      xmlns="http://www.w3.org/2000/svg"
    >
      <path
        d="M464 256A208 208 0 1 0 48 256a208 208 0 1 0 416 0zM0 256a256 256 0 1 1 512 0A256 256 0 1 1 0 256zm177.6 62.1C192.8 334.5 218.8 352 256 352s63.2-17.5 78.4-33.9c9-9.7 24.2-10.4 33.9-1.4s10.4 24.2 1.4 33.9c-22 23.8-60 49.4-113.6 49.4s-91.7-25.5-113.6-49.4c-9-9.7-8.4-24.9 1.4-33.9s24.9-8.4 33.9 1.4zM144.4 208a32 32 0 1 1 64 0 32 32 0 1 1 -64 0zm192-32a32 32 0 1 1 0 64 32 32 0 1 1 0-64z"
        fill="currentColor"
        style={Object {}}
      />
    </svg>
    Basic information
  </div>
  <div
    className="basic_main_content"
  >
    <div
      className="basic_main_course-title"
    >
      <label
        htmlFor="titlecourse"
      >
        Course title*
      </label>
      <form
        action=""
        className="course_title-input"
      >
        <input
          name="titlecourse"
          onChange={[Function]}
          placeholder="Course title here"
          type="text"
          value=""
        />
        <span>
          60
        </span>
      </form>
      <p
        className="course_title-desc"
      >
        (Please make this a maximum of 100 characters and unique.)
      </p>
    </div>
    <div
      className="basic_main_short-description"
    >
      <label
        htmlFor="ShortDescription"
      >
        Short Description*
      </label>
      <form
        action=""
        className="short-description-input"
      >
        <textarea
          name="ShortDescription"
          onChange={[Function]}
          placeholder="Item description here..."
          value=""
        />
      </form>
      <p
        className="course_title-desc"
      >
        220 words
      </p>
    </div>
    <div
      className="basic_main_course-description"
    >
      <label
        htmlFor="Description"
      >
        Course Description*
      </label>
      <textarea
        onChange={[Function]}
        style={
          Object {
            "height": "150px",
          }
        }
        theme="snow"
        value=""
      />
    </div>
    <div
      className="basic_main_requirement"
    >
      <div
        className="requirement_left"
        style={
          Object {
            "width": "50%",
          }
        }
      >
        <label
          htmlFor="Whatlearn"
        >
          What will students learn in your course?*
        </label>
        <textarea
          className="ant-input css-dev-only-do-not-override-1uq9j6g ant-input-outlined"
          disabled={false}
          name="Whatlearn"
          onBlur={[Function]}
          onChange={[Function]}
          onCompositionEnd={[Function]}
          onCompositionStart={[Function]}
          onFocus={[Function]}
          onKeyDown={[Function]}
          rows={5}
          style={
            Object {
              "resize": undefined,
            }
          }
          value=""
        />
        <p
          className="course_title-desc"
        >
          Student will gain this skills, knowledge after completing this course. (One per line).
        </p>
      </div>
      <div
        className="requirement_right"
        style={
          Object {
            "width": "50%",
          }
        }
      >
        <label
          htmlFor="requirement"
        >
          Requirement*
        </label>
        <textarea
          className="ant-input css-dev-only-do-not-override-1uq9j6g ant-input-outlined"
          disabled={false}
          onBlur={[Function]}
          onChange={[Function]}
          onCompositionEnd={[Function]}
          onCompositionStart={[Function]}
          onFocus={[Function]}
          onKeyDown={[Function]}
          rows={5}
          style={
            Object {
              "resize": undefined,
            }
          }
          value=""
        />
        <p
          className="course_title-desc"
        >
          What knowledge, technology, tools required by users to start this course. (One per line).
        </p>
      </div>
    </div>
    <div
      className="basic_main_select"
    >
      <div
        className="basic_main_select-item"
      >
        <label
          htmlFor="courseLevel"
        >
          Course Level*
        </label>
        <div
          className="ant-select ant-select-outlined css-dev-only-do-not-override-1uq9j6g ant-select-single ant-select-show-arrow"
          onBlur={[Function]}
          onFocus={[Function]}
          onKeyDown={[Function]}
          onKeyUp={[Function]}
          onMouseDown={[Function]}
          style={
            Object {
              "height": "40px",
              "width": "100%",
            }
          }
        >
          <div
            className="ant-select-selector"
            onClick={[Function]}
            onMouseDown={[Function]}
          >
            <span
              className="ant-select-selection-search"
            >
              <input
                aria-autocomplete="list"
                aria-controls="undefined_list"
                aria-expanded={false}
                aria-haspopup="listbox"
                aria-owns="undefined_list"
                autoComplete="off"
                className="ant-select-selection-search-input"
                disabled={false}
                onChange={[Function]}
                onCompositionEnd={[Function]}
                onCompositionStart={[Function]}
                onKeyDown={[Function]}
                onMouseDown={[Function]}
                onPaste={[Function]}
                readOnly={true}
                role="combobox"
                style={
                  Object {
                    "opacity": 0,
                  }
                }
                type="search"
                unselectable="on"
                value=""
              />
            </span>
            <span
              className="ant-select-selection-placeholder"
            >
              Nothing selected
            </span>
          </div>
          <span
            aria-hidden={true}
            className="ant-select-arrow"
            onMouseDown={[Function]}
            style={
              Object {
                "WebkitUserSelect": "none",
                "userSelect": "none",
              }
            }
            unselectable="on"
          >
            <span
              aria-label="down"
              className="anticon anticon-down ant-select-suffix"
              role="img"
            >
              <svg
                aria-hidden="true"
                data-icon="down"
                fill="currentColor"
                focusable="false"
                height="1em"
                viewBox="64 64 896 896"
                width="1em"
              >
                <path
                  d="M884 256h-75c-5.1 0-9.9 2.5-12.9 6.6L512 654.2 227.9 262.6c-3-4.1-7.8-6.6-12.9-6.6h-75c-6.5 0-10.3 7.4-6.5 12.7l352.6 486.1c12.8 17.6 39 17.6 51.7 0l352.6-486.1c3.9-5.3.1-12.7-6.4-12.7z"
                />
              </svg>
            </span>
          </span>
        </div>
      </div>
      <div
        className="basic_main_select-item"
      >
        <label
          htmlFor="audioLanguage"
        >
          Audio Language*
        </label>
        <div
          className="ant-select ant-select-outlined css-dev-only-do-not-override-1uq9j6g ant-select-single ant-select-show-arrow"
          onBlur={[Function]}
          onFocus={[Function]}
          onKeyDown={[Function]}
          onKeyUp={[Function]}
          onMouseDown={[Function]}
          style={
            Object {
              "height": "40px",
              "width": "100%",
            }
          }
        >
          <div
            className="ant-select-selector"
            onClick={[Function]}
            onMouseDown={[Function]}
          >
            <span
              className="ant-select-selection-search"
            >
              <input
                aria-autocomplete="list"
                aria-controls="undefined_list"
                aria-expanded={false}
                aria-haspopup="listbox"
                aria-owns="undefined_list"
                autoComplete="off"
                className="ant-select-selection-search-input"
                disabled={false}
                onChange={[Function]}
                onCompositionEnd={[Function]}
                onCompositionStart={[Function]}
                onKeyDown={[Function]}
                onMouseDown={[Function]}
                onPaste={[Function]}
                readOnly={true}
                role="combobox"
                style={
                  Object {
                    "opacity": 0,
                  }
                }
                type="search"
                unselectable="on"
                value=""
              />
            </span>
            <span
              className="ant-select-selection-placeholder"
            >
              Select audio
            </span>
          </div>
          <span
            aria-hidden={true}
            className="ant-select-arrow"
            onMouseDown={[Function]}
            style={
              Object {
                "WebkitUserSelect": "none",
                "userSelect": "none",
              }
            }
            unselectable="on"
          >
            <span
              aria-label="down"
              className="anticon anticon-down ant-select-suffix"
              role="img"
            >
              <svg
                aria-hidden="true"
                data-icon="down"
                fill="currentColor"
                focusable="false"
                height="1em"
                viewBox="64 64 896 896"
                width="1em"
              >
                <path
                  d="M884 256h-75c-5.1 0-9.9 2.5-12.9 6.6L512 654.2 227.9 262.6c-3-4.1-7.8-6.6-12.9-6.6h-75c-6.5 0-10.3 7.4-6.5 12.7l352.6 486.1c12.8 17.6 39 17.6 51.7 0l352.6-486.1c3.9-5.3.1-12.7-6.4-12.7z"
                />
              </svg>
            </span>
          </span>
        </div>
      </div>
      <div
        className="basic_main_select-item"
      >
        <label
          htmlFor="closeCaption"
        >
          Close Caption*
        </label>
        <div
          className="ant-select ant-select-outlined css-dev-only-do-not-override-1uq9j6g ant-select-single ant-select-show-arrow"
          onBlur={[Function]}
          onFocus={[Function]}
          onKeyDown={[Function]}
          onKeyUp={[Function]}
          onMouseDown={[Function]}
          style={
            Object {
              "height": "40px",
              "width": "100%",
            }
          }
        >
          <div
            className="ant-select-selector"
            onClick={[Function]}
            onMouseDown={[Function]}
          >
            <span
              className="ant-select-selection-search"
            >
              <input
                aria-autocomplete="list"
                aria-controls="undefined_list"
                aria-expanded={false}
                aria-haspopup="listbox"
                aria-owns="undefined_list"
                autoComplete="off"
                className="ant-select-selection-search-input"
                disabled={false}
                onChange={[Function]}
                onCompositionEnd={[Function]}
                onCompositionStart={[Function]}
                onKeyDown={[Function]}
                onMouseDown={[Function]}
                onPaste={[Function]}
                readOnly={true}
                role="combobox"
                style={
                  Object {
                    "opacity": 0,
                  }
                }
                type="search"
                unselectable="on"
                value=""
              />
            </span>
            <span
              className="ant-select-selection-placeholder"
            >
              Select caption
            </span>
          </div>
          <span
            aria-hidden={true}
            className="ant-select-arrow"
            onMouseDown={[Function]}
            style={
              Object {
                "WebkitUserSelect": "none",
                "userSelect": "none",
              }
            }
            unselectable="on"
          >
            <span
              aria-label="down"
              className="anticon anticon-down ant-select-suffix"
              role="img"
            >
              <svg
                aria-hidden="true"
                data-icon="down"
                fill="currentColor"
                focusable="false"
                height="1em"
                viewBox="64 64 896 896"
                width="1em"
              >
                <path
                  d="M884 256h-75c-5.1 0-9.9 2.5-12.9 6.6L512 654.2 227.9 262.6c-3-4.1-7.8-6.6-12.9-6.6h-75c-6.5 0-10.3 7.4-6.5 12.7l352.6 486.1c12.8 17.6 39 17.6 51.7 0l352.6-486.1c3.9-5.3.1-12.7-6.4-12.7z"
                />
              </svg>
            </span>
          </span>
        </div>
      </div>
      <div
        className="basic_main_select-item"
      >
        <label
          htmlFor="courseCategory"
        >
          Course Category*
        </label>
        <div
          className="ant-select ant-select-outlined css-dev-only-do-not-override-1uq9j6g ant-select-single ant-select-show-arrow"
          onBlur={[Function]}
          onFocus={[Function]}
          onKeyDown={[Function]}
          onKeyUp={[Function]}
          onMouseDown={[Function]}
          style={
            Object {
              "height": "40px",
              "width": "100%",
            }
          }
        >
          <div
            className="ant-select-selector"
            onClick={[Function]}
            onMouseDown={[Function]}
          >
            <span
              className="ant-select-selection-search"
            >
              <input
                aria-autocomplete="list"
                aria-controls="undefined_list"
                aria-expanded={false}
                aria-haspopup="listbox"
                aria-owns="undefined_list"
                autoComplete="off"
                className="ant-select-selection-search-input"
                disabled={false}
                onChange={[Function]}
                onCompositionEnd={[Function]}
                onCompositionStart={[Function]}
                onKeyDown={[Function]}
                onMouseDown={[Function]}
                onPaste={[Function]}
                readOnly={true}
                role="combobox"
                style={
                  Object {
                    "opacity": 0,
                  }
                }
                type="search"
                unselectable="on"
                value=""
              />
            </span>
            <span
              className="ant-select-selection-item"
              title="Web Development"
            >
              Web Development
            </span>
          </div>
          <span
            aria-hidden={true}
            className="ant-select-arrow"
            onMouseDown={[Function]}
            style={
              Object {
                "WebkitUserSelect": "none",
                "userSelect": "none",
              }
            }
            unselectable="on"
          >
            <span
              aria-label="down"
              className="anticon anticon-down ant-select-suffix"
              role="img"
            >
              <svg
                aria-hidden="true"
                data-icon="down"
                fill="currentColor"
                focusable="false"
                height="1em"
                viewBox="64 64 896 896"
                width="1em"
              >
                <path
                  d="M884 256h-75c-5.1 0-9.9 2.5-12.9 6.6L512 654.2 227.9 262.6c-3-4.1-7.8-6.6-12.9-6.6h-75c-6.5 0-10.3 7.4-6.5 12.7l352.6 486.1c12.8 17.6 39 17.6 51.7 0l352.6-486.1c3.9-5.3.1-12.7-6.4-12.7z"
                />
              </svg>
            </span>
          </span>
        </div>
      </div>
    </div>
  </div>
</div>
`;
